﻿
> frontend@0.0.0 build
> tsc -b && vite build

[36mvite v8.0.3 [32mbuilding client environment for production...[36m[39m
[2K
node.exe : Error: Cannot apply 
unknown utility class 
`selection:bg-indigo-100`. Are you 
using CSS modules or similar and 
missing `@reference`? https://tailwind
css.com/docs/functions-and-directives#
reference-directive
At line:1 char:1
+ & "C:\Program 
Files\nodejs/node.exe" "C:\Program 
Files\nodejs/node_mo ...
+ ~~~~~~~~~~~~~~~~~~~~~~~~~~~~~~~~~~~~
~~~~~~~~~~~~~~~~~~~~~~~~~~~~~~~~~
    + CategoryInfo          : NotSpec 
   ified: (Error: Cannot a...rence-d  
  irective:String) [], RemoteExcept   
 ion
    + FullyQualifiedErrorId : NativeC 
   ommandError
 
    at onInvalidCandidate 
(C:\Users\prasa\Desktop\PISTU TASK 2\F
rontend\node_modules\tailwindcss\dist\
lib.js:21:1314)
    at Ee 
(C:\Users\prasa\Desktop\PISTU TASK 2\F
rontend\node_modules\tailwindcss\dist\
lib.js:16:37066)
    at C:\Users\prasa\Desktop\PISTU 
TASK 2\Frontend\node_modules\tailwindc
ss\dist\lib.js:21:355
    at _r 
(C:\Users\prasa\Desktop\PISTU TASK 2\F
rontend\node_modules\tailwindcss\dist\
lib.js:3:1733)
    at I 
(C:\Users\prasa\Desktop\PISTU TASK 2\F
rontend\node_modules\tailwindcss\dist\
lib.js:3:1377)
    at Te 
(C:\Users\prasa\Desktop\PISTU TASK 2\F
rontend\node_modules\tailwindcss\dist\
lib.js:21:172)
    at mn 
(C:\Users\prasa\Desktop\PISTU TASK 2\F
rontend\node_modules\tailwindcss\dist\
lib.js:38:294)
    at async gn 
(C:\Users\prasa\Desktop\PISTU TASK 2\F
rontend\node_modules\tailwindcss\dist\
lib.js:38:631)
    at async Xr 
(C:\Users\prasa\Desktop\PISTU TASK 2\F
rontend\node_modules\@tailwindcss\node
\dist\index.js:10:3416)
    at async N 
(C:\Users\prasa\Desktop\PISTU TASK 2\F
rontend\node_modules\@tailwindcss\post
css\dist\index.js:10:3979)
transforming...Γ£ô 1726 modules transformed.
[31mΓ£ù[39m Build failed in 777ms
[31merror during build:
[31mBuild failed with 1 error:

[plugin vite:css] 
C:/Users/prasa/Desktop/PISTU TASK 
2/Frontend/src/index.css:1:0
CssSyntaxError: [postcss] 
tailwindcss: 
C:/Users/prasa/Desktop/PISTU TASK 
2/Frontend/src/index.css:1:1: Cannot 
apply unknown utility class 
`selection:bg-indigo-100`. Are you 
using CSS modules or similar and 
missing `@reference`? https://tailwind
css.com/docs/functions-and-directives#
reference-directive
    at Input.error 
(C:\Users\prasa\Desktop\PISTU TASK 2\F
rontend\node_modules\postcss\lib\input
.js:135:16)
    at Root.error 
(C:\Users\prasa\Desktop\PISTU TASK 2\F
rontend\node_modules\postcss\lib\node.
js:146:32)
    at Object.Once 
(C:\Users\prasa\Desktop\PISTU TASK 2\F
rontend\node_modules\@tailwindcss\post
css\dist\index.js:10:6913)
    at async LazyResult.runAsync 
(C:\Users\prasa\Desktop\PISTU TASK 2\F
rontend\node_modules\postcss\lib\lazy-
result.js:293:11)
    at async runPostCSS (file:///C:/Us
ers/prasa/Desktop/PISTU%20TASK%202/Fro
ntend/node_modules/vite/dist/node/chun
ks/node.js:20945:19)
    at async compilePostCSS (file:///C
:/Users/prasa/Desktop/PISTU%20TASK%202
/Frontend/node_modules/vite/dist/node/
chunks/node.js:20929:6)
    at async compileCSS (file:///C:/Us
ers/prasa/Desktop/PISTU%20TASK%202/Fro
ntend/node_modules/vite/dist/node/chun
ks/node.js:20859:26)
    at async 
TransformPluginContextImpl.handler (fi
le:///C:/Users/prasa/Desktop/PISTU%20T
ASK%202/Frontend/node_modules/vite/dis
t/node/chunks/node.js:20375:47)
    at async plugin (file:///C:/Users/
prasa/Desktop/PISTU%20TASK%202/Fronten
d/node_modules/rolldown/dist/shared/bi
ndingify-input-options-e7ze4hPR.mjs:11
29:16)
    at async plugin.<computed> (file:/
//C:/Users/prasa/Desktop/PISTU%20TASK%
202/Frontend/node_modules/rolldown/dis
t/shared/bindingify-input-options-e7ze
4hPR.mjs:1593:12)[31m
    at 
aggregateBindingErrorsIntoJsError (fil
e:///C:/Users/prasa/Desktop/PISTU%20TA
SK%202/Frontend/node_modules/rolldown/
dist/shared/error-BLhcSyeg.mjs:48:18)
    at unwrapBindingResult (file:///C:
/Users/prasa/Desktop/PISTU%20TASK%202/
Frontend/node_modules/rolldown/dist/sh
ared/error-BLhcSyeg.mjs:18:128)
    at #build (file:///C:/Users/prasa/
Desktop/PISTU%20TASK%202/Frontend/node
_modules/rolldown/dist/shared/rolldown
-build-CPrIX9V6.mjs:3313:34)
    at async buildEnvironment (file://
/C:/Users/prasa/Desktop/PISTU%20TASK%2
02/Frontend/node_modules/vite/dist/nod
e/chunks/node.js:32849:64)
    at async Object.build (file:///C:/
Users/prasa/Desktop/PISTU%20TASK%202/F
rontend/node_modules/vite/dist/node/ch
unks/node.js:33271:19)
    at async Object.buildApp (file:///
C:/Users/prasa/Desktop/PISTU%20TASK%20
2/Frontend/node_modules/vite/dist/node
/chunks/node.js:33268:153)
    at async CAC.<anonymous> (file:///
C:/Users/prasa/Desktop/PISTU%20TASK%20
2/Frontend/node_modules/vite/dist/node
/cli.js:778:3) {
  errors: [Getter/Setter]
}[39m
